mca@user-B450M-DS3H-WIFI:~$ mysql -u mca -p
Enter password: 
Welcome to the MySQL monitor.  Commands end with ; or \g.
Your MySQL connection id is 11
Server version: 8.0.36-0ubuntu0.20.04.1 (Ubuntu)

Copyright (c) 2000, 2024, Oracle and/or its affiliates.

Oracle is a registered trademark of Oracle Corporation and/or its
affiliates. Other names may be trademarks of their respective
owners.

Type 'help;' or '\h' for help. Type '\c' to clear the current input statement.

mysql> use employee;
Database changed
mysql> create table jobs(job_id varchar(10),job_title varchar(20),min_salary int,max_salary int);
Query OK, 0 rows affected (0.06 sec)

mysql> desc jobs;
+------------+-------------+------+-----+---------+-------+
| Field      | Type        | Null | Key | Default | Extra |
+------------+-------------+------+-----+---------+-------+
| job_id     | varchar(10) | YES  |     | NULL    |       |
| job_title  | varchar(20) | YES  |     | NULL    |       |
| min_salary | int         | YES  |     | NULL    |       |
| max_salary | int         | YES  |     | NULL    |       |
+------------+-------------+------+-----+---------+-------+
4 rows in set (0.00 sec)

mysql> alter table jobs add primary key(job_id);
Query OK, 0 rows affected (0.04 sec)
Records: 0  Duplicates: 0  Warnings: 0

mysql> desc jobs;
+------------+-------------+------+-----+---------+-------+
| Field      | Type        | Null | Key | Default | Extra |
+------------+-------------+------+-----+---------+-------+
| job_id     | varchar(10) | NO   | PRI | NULL    |       |
| job_title  | varchar(20) | YES  |     | NULL    |       |
| min_salary | int         | YES  |     | NULL    |       |
| max_salary | int         | YES  |     | NULL    |       |
+------------+-------------+------+-----+---------+-------+
4 rows in set (0.00 sec)

mysql> create table employees(employee_id varchar(10) primary key,first_name varchar(20),last_name varchar(20),email varchar(50),phone_no bigint,hire_date date,job_id varchar(10),salary int,manager_id varchar(10),dept_id varchar(10);
ERROR 1064 (42000): You have an error in your SQL syntax; check the manual that corresponds to your MySQL server version for the right syntax to use near '' at line 1
mysql> create table employees(employee_id varchar(10) primary key,first_name varchar(20),last_name varchar(20),email varchar(50),phone_no bigint,hire_date date,job_id varchar(10),salary int,manager_id varchar(10),dept_id varchar(10));
Query OK, 0 rows affected (0.03 sec)

mysql> desc employees
    -> desc employees;
ERROR 1064 (42000): You have an error in your SQL syntax; check the manual that corresponds to your MySQL server version for the right syntax to use near 'desc employees' at line 2
mysql> desc employees;
+-------------+-------------+------+-----+---------+-------+
| Field       | Type        | Null | Key | Default | Extra |
+-------------+-------------+------+-----+---------+-------+
| employee_id | varchar(10) | NO   | PRI | NULL    |       |
| first_name  | varchar(20) | YES  |     | NULL    |       |
| last_name   | varchar(20) | YES  |     | NULL    |       |
| email       | varchar(50) | YES  |     | NULL    |       |
| phone_no    | bigint      | YES  |     | NULL    |       |
| hire_date   | date        | YES  |     | NULL    |       |
| job_id      | varchar(10) | YES  |     | NULL    |       |
| salary      | int         | YES  |     | NULL    |       |
| manager_id  | varchar(10) | YES  |     | NULL    |       |
| dept_id     | varchar(10) | YES  |     | NULL    |       |
+-------------+-------------+------+-----+---------+-------+
10 rows in set (0.00 sec)

mysql> create table dept(dept_id varchar(10) primary key,dept_name varchar(20),location_id varchar(10));
Query OK, 0 rows affected (0.02 sec)

mysql> desc dept;
+-------------+-------------+------+-----+---------+-------+
| Field       | Type        | Null | Key | Default | Extra |
+-------------+-------------+------+-----+---------+-------+
| dept_id     | varchar(10) | NO   | PRI | NULL    |       |
| dept_name   | varchar(20) | YES  |     | NULL    |       |
| location_id | varchar(10) | YES  |     | NULL    |       |
+-------------+-------------+------+-----+---------+-------+
3 rows in set (0.00 sec)
mysql> 
mysql> create table dependents(dependent_id varchar(10),first_name varchar(20),last_name varchar(20),relationship varchar(20),employee_id varchar(10) );
mysql> create table dependents(dependent_id varchar(10),first_name varchar(20),last_name varchar(20),relationship varchar(20),employee_id varchar(10));
Query OK, 0 rows affected (0.05 sec)

mysql> desc dependents;
+--------------+-------------+------+-----+---------+-------+
| Field        | Type        | Null | Key | Default | Extra |
+--------------+-------------+------+-----+---------+-------+
| dependent_id | varchar(10) | YES  |     | NULL    |       |
| first_name   | varchar(20) | YES  |     | NULL    |       |
| last_name    | varchar(20) | YES  |     | NULL    |       |
| relationship | varchar(20) | YES  |     | NULL    |       |
| employee_id  | varchar(10) | YES  |     | NULL    |       |
+--------------+-------------+------+-----+---------+-------+
5 rows in set (0.01 sec)

mysql> create table dependents(dependent_id varchar(10) primary key,first_name varchar(20),last_name varchar(20),relationship varchar(20),employee_id varchar(10));
ERROR 1050 (42S01): Table 'dependents' already exists
mysql> alter table jobs add primary key(dependent_id);
ERROR 1068 (42000): Multiple primary key defined
mysql> alter table dependents add primary key(dependent_id);
Query OK, 0 rows affected (0.04 sec)
Records: 0  Duplicates: 0  Warnings: 0

mysql> desc dependents;
+--------------+-------------+------+-----+---------+-------+
| Field        | Type        | Null | Key | Default | Extra |
+--------------+-------------+------+-----+---------+-------+
| dependent_id | varchar(10) | NO   | PRI | NULL    |       |
| first_name   | varchar(20) | YES  |     | NULL    |       |
| last_name    | varchar(20) | YES  |     | NULL    |       |
| relationship | varchar(20) | YES  |     | NULL    |       |
| employee_id  | varchar(10) | YES  |     | NULL    |       |
+--------------+-------------+------+-----+---------+-------+
5 rows in set (0.00 sec)

mysql> alter table dependents add foregin key(employee_id);
ERROR 1064 (42000): You have an error in your SQL syntax; check the manual that corresponds to your MySQL server version for the right syntax to use near 'key(employee_id)' at line 1
mysql> alter table dependents add foregin key(employee_id) reference employee(employee_id) on delete casecode;
ERROR 1064 (42000): You have an error in your SQL syntax; check the manual that corresponds to your MySQL server version for the right syntax to use near 'key(employee_id) reference employee(employee_id) on delete casecode' at line 1
mysql> alter table dependents add foregin key(employee_id) reference employee(employee_id) on delete casecode;
ERROR 1064 (42000): You have an error in your SQL syntax; check the manual that corresponds to your MySQL server version for the right syntax to use near 'key(employee_id) reference employee(employee_id) on delete casecode' at line 1
mysql> alter table dependents add foregin key(employee_id) reference employee(employee_id) on delete cascade;
ERROR 1064 (42000): You have an error in your SQL syntax; check the manual that corresponds to your MySQL server version for the right syntax to use near 'key(employee_id) reference employee(employee_id) on delete cascade' at line 1
mysql> alter table dependents add foreign key(employee_id) reference employee(employee_id) on delete cascade;
ERROR 1064 (42000): You have an error in your SQL syntax; check the manual that corresponds to your MySQL server version for the right syntax to use near 'reference employee(employee_id) on delete cascade' at line 1
mysql> alter table dependents add foreign key(employee_id) references employee(employee_id) on delete cascade;
ERROR 1824 (HY000): Failed to open the referenced table 'employee'
mysql> alter table dependents add foreign key(employee_id) references employees(employee_id) on delete cascade;
Query OK, 0 rows affected (0.07 sec)
Records: 0  Duplicates: 0  Warnings: 0

mysql> desc dependents;
+--------------+-------------+------+-----+---------+-------+
| Field        | Type        | Null | Key | Default | Extra |
+--------------+-------------+------+-----+---------+-------+
| dependent_id | varchar(10) | NO   | PRI | NULL    |       |
| first_name   | varchar(20) | YES  |     | NULL    |       |
| last_name    | varchar(20) | YES  |     | NULL    |       |
| relationship | varchar(20) | YES  |     | NULL    |       |
| employee_id  | varchar(10) | YES  | MUL | NULL    |       |
+--------------+-------------+------+-----+---------+-------+
5 rows in set (0.00 sec)

mysql> create regions(regin_id varchar(10) primary key,region_name varchar(20));
ERROR 1064 (42000): You have an error in your SQL syntax; check the manual that corresponds to your MySQL server version for the right syntax to use near 'regions(regin_id varchar(10) primary key,region_name varchar(20))' at line 1
mysql> create table regions(regin_id varchar(10) primary key,region_name varchar(20));
Query OK, 0 rows affected (0.02 sec)

mysql> desc regions;
+-------------+-------------+------+-----+---------+-------+
| Field       | Type        | Null | Key | Default | Extra |
+-------------+-------------+------+-----+---------+-------+
| regin_id    | varchar(10) | NO   | PRI | NULL    |       |
| region_name | varchar(20) | YES  |     | NULL    |       |
+-------------+-------------+------+-----+---------+-------+
2 rows in set (0.01 sec)

mysql> create table countries(country_id varchar(10) primary key,country_namevarchar(20),region_id varchar(10));
ERROR 1064 (42000): You have an error in your SQL syntax; check the manual that corresponds to your MySQL server version for the right syntax to use near '(20),region_id varchar(10))' at line 1
mysql> create table countries(country_id varchar(10) primary key,country_namevarchar(20),region_id varchar(10) foregin key);
ERROR 1064 (42000): You have an error in your SQL syntax; check the manual that corresponds to your MySQL server version for the right syntax to use near '(20),region_id varchar(10) foregin key)' at line 1
mysql> create table countries(country_id varchar(10) primary key,country_name varchar(20),region_id varchar(10) foregin key);
ERROR 1064 (42000): You have an error in your SQL syntax; check the manual that corresponds to your MySQL server version for the right syntax to use near 'foregin key)' at line 1
mysql> create table countries(country_id varchar(10) primary key,country_name varchar(20),region_id varchar(10) foregin key);
ERROR 1064 (42000): You have an error in your SQL syntax; check the manual that corresponds to your MySQL server version for the right syntax to use near 'foregin key)' at line 1
mysql> create table countries(country_id varchar(10) primary key,country_name varchar(20),region_id varchar(10) foreign key);
ERROR 1064 (42000): You have an error in your SQL syntax; check the manual that corresponds to your MySQL server version for the right syntax to use near 'foreign key)' at line 1
mysql> create table countries(country_id varchar(10) primary key,country_name varchar(20),region_id varchar(10) foreign key);
ERROR 1064 (42000): You have an error in your SQL syntax; check the manual that corresponds to your MySQL server version for the right syntax to use near 'foreign key)' at line 1
mysql> create table countries(country_id varchar(10) primary key,country_name varchar(20),region_id varchar(10) foreign key(region_id) REFERENCES regions(region_id));
ERROR 1064 (42000): You have an error in your SQL syntax; check the manual that corresponds to your MySQL server version for the right syntax to use near 'foreign key(region_id) REFERENCES regions(region_id))' at line 1
mysql> create table countries(country_id varchar(10) primary key,country_name varchar(20),region_id varchar(10), foreign key (region_id) REFERENCES regions(region_id));
ERROR 3734 (HY000): Failed to add the foreign key constraint. Missing column 'region_id' for constraint 'countries_ibfk_1' in the referenced table 'regions'
mysql> create table countries(country_id varchar(10) primary key,country_name varchar(20),region_id varchar(10), foreign key (regin_id) REFERENCES regions(regin_id));
ERROR 1072 (42000): Key column 'regin_id' doesn't exist in table
mysql> create table countries(country_id varchar(10) primary key,country_name varchar(20),regin_id varchar(10), foreign key (regin_id) REFERENCES regions(regin_id));
Query OK, 0 rows affected (0.06 sec)

mysql> desc countries;
+--------------+-------------+------+-----+---------+-------+
| Field        | Type        | Null | Key | Default | Extra |
+--------------+-------------+------+-----+---------+-------+
| country_id   | varchar(10) | NO   | PRI | NULL    |       |
| country_name | varchar(20) | YES  |     | NULL    |       |
| regin_id     | varchar(10) | YES  | MUL | NULL    |       |
+--------------+-------------+------+-----+---------+-------+
3 rows in set (0.00 sec)

mysql> 


